2025-09-25 09:59:34,088 - Knowledge - INFO - Redis support added with prefix knowledge:b713066:
2025-09-25 09:59:34,339 - Knowledge - INFO - load persisted knowledge: begin
2025-09-25 09:59:34,427 - Knowledge - INFO - load persisted knowledge: end
2025-09-25 09:59:34,525 - Knowledge - INFO - load persisted docinfo: begin
2025-09-25 09:59:34,632 - Knowledge - INFO - load persisted docinfo: end
2025-09-25 09:59:34,739 - Knowledge - INFO - worker kw1 created with dedicated MongoDB connection (total: 1)
2025-09-25 09:59:34,849 - Knowledge - INFO - knowledge worker kw1 start
2025-09-25 09:59:34,968 - Knowledge - INFO - worker kw1 pull /app/data/kaviademo4200/2367/b713066/tailwind_migration-2367/README.md from ingest queue
2025-09-25 09:59:35,102 - Knowledge - INFO - process ingested knowledge for /app/data/kaviademo4200/2367/b713066/tailwind_migration-2367/README.md
2025-09-25 09:59:35,196 - Knowledge - INFO - Found code-base-name: https://github.com/kavia-common/tailwind_migration-2367.git:kavia-main
2025-09-25 09:59:35,274 - Knowledge - INFO - Found code_base: <app.utils.kg_build.knowledge.KnowledgeCodeBase object at 0x7feb39c556d0>
2025-09-25 09:59:35,361 - Knowledge - INFO - persist ingested knowledge for /app/data/kaviademo4200/2367/b713066/tailwind_migration-2367/README.md
2025-09-25 09:59:35,499 - Knowledge - INFO - adding /app/data/kaviademo4200/2367/b713066/tailwind_migration-2367/README.md to ingest queue
2025-09-25 09:59:35,586 - Knowledge - INFO - worker kw1 pull /app/data/kaviademo4200/2367/b713066/tailwind_migration-2367/README.md from ingest queue
2025-09-25 09:59:35,664 - Knowledge - INFO - Thread kw1 - File README.md - Remaining files in queue: 0
2025-09-25 09:59:35,750 - Knowledge - INFO - start ingest for /app/data/kaviademo4200/2367/b713066/tailwind_migration-2367/README.md
2025-09-25 09:59:35,862 - Knowledge - INFO - Fast-track processing for simple file: /app/data/kaviademo4200/2367/b713066/tailwind_migration-2367/README.md
2025-09-25 09:59:35,948 - Knowledge - INFO - done fast ingest for /app/data/kaviademo4200/2367/b713066/tailwind_migration-2367/README.md
2025-09-25 09:59:36,069 - Knowledge - INFO - process ingested knowledge for /app/data/kaviademo4200/2367/b713066/tailwind_migration-2367/README.md
2025-09-25 09:59:36,159 - Knowledge - INFO - Found code-base-name: https://github.com/kavia-common/tailwind_migration-2367.git:kavia-main
2025-09-25 09:59:36,246 - Knowledge - INFO - Found code_base: <app.utils.kg_build.knowledge.KnowledgeCodeBase object at 0x7feb39c556d0>
2025-09-25 09:59:36,364 - Knowledge - INFO - persist ingested knowledge for /app/data/kaviademo4200/2367/b713066/tailwind_migration-2367/README.md
2025-09-25 09:59:36,565 - Knowledge - INFO - Knowledge creation complete
2025-09-25 09:59:36,649 - Knowledge - INFO - Updating org costs, total cost: 0
2025-09-25 09:59:36,866 - Knowledge - INFO - Saving knowledge to Redis...
2025-09-25 09:59:36,966 - Knowledge - INFO - Knowledge saved to Redis successfully
2025-09-25 10:16:26,099 - Knowledge - INFO - Redis support added with prefix knowledge:b713066:
2025-09-25 10:16:26,370 - Knowledge - INFO - load persisted knowledge: begin
2025-09-25 10:16:26,476 - Knowledge - INFO - Persisted knowledge files in /app/data/kaviademo4200/2367/b713066/tailwind_migration-2367/.knowledge have been renamed to use .json
2025-09-25 10:16:26,571 - Knowledge - INFO - Found code-base-name: https://github.com/kavia-common/tailwind_migration-2367.git:kavia-main
2025-09-25 10:16:26,640 - Knowledge - INFO - Found code_base: <app.utils.kg_build.knowledge.KnowledgeCodeBase object at 0x7f8704d73350>
2025-09-25 10:16:26,748 - Knowledge - INFO - process ingested knowledge for /app/data/kaviademo4200/2367/b713066/tailwind_migration-2367/README.md
2025-09-25 10:16:26,841 - Knowledge - INFO - load persisted knowledge: end
2025-09-25 10:16:26,911 - Knowledge - INFO - load persisted docinfo: begin
2025-09-25 10:16:26,990 - Knowledge - INFO - load persisted docinfo: end
2025-09-25 10:16:27,066 - Knowledge - INFO - worker kw1 created with dedicated MongoDB connection (total: 1)
2025-09-25 10:16:27,171 - Knowledge - INFO - knowledge worker kw1 start
2025-09-25 10:16:27,276 - Knowledge - INFO - Knowledge creation complete
2025-09-25 10:16:27,384 - Knowledge - INFO - Updating org costs, total cost: 0
2025-09-25 10:16:28,184 - Knowledge - INFO - Saving knowledge to Redis...
2025-09-25 10:16:28,261 - Knowledge - INFO - Knowledge saved to Redis successfully
2025-09-25 10:37:40,570 - Knowledge - INFO - Redis support added with prefix knowledge:b713066:
2025-09-25 10:37:40,800 - Knowledge - INFO - load persisted knowledge: begin
2025-09-25 10:37:40,905 - Knowledge - INFO - Found code-base-name: https://github.com/kavia-common/tailwind_migration-2367.git:kavia-main
2025-09-25 10:37:41,024 - Knowledge - INFO - Found code_base: <app.utils.kg_build.knowledge.KnowledgeCodeBase object at 0x7f35ad569b10>
2025-09-25 10:37:41,145 - Knowledge - INFO - process ingested knowledge for /app/data/kaviademo4200/2367/b713066/tailwind_migration-2367/README.md
2025-09-25 10:37:41,266 - Knowledge - INFO - load persisted knowledge: end
2025-09-25 10:37:41,368 - Knowledge - INFO - load persisted docinfo: begin
2025-09-25 10:37:41,469 - Knowledge - INFO - load persisted docinfo: end
2025-09-25 10:37:41,556 - Knowledge - INFO - worker kw1 created with dedicated MongoDB connection (total: 1)
2025-09-25 10:37:41,663 - Knowledge - INFO - knowledge worker kw1 start
2025-09-25 10:37:41,766 - Knowledge - INFO - Knowledge creation complete
2025-09-25 10:37:41,867 - Knowledge - INFO - Updating org costs, total cost: 0
2025-09-25 10:37:42,675 - Knowledge - INFO - Saving knowledge to Redis...
2025-09-25 10:37:42,755 - Knowledge - INFO - Knowledge saved to Redis successfully
